
=== BERLIN: mitvergnuegen.com ===
  Category IDs: [27015, 27017, 13753]
  Page 1: +100 posts (total 100)
  Page 2: +100 posts (total 200)
  Page 3: +100 posts (total 300)
  Page 4: +100 posts (total 400)
  Page 5: +100 posts (total 500)
  Page 6: +100 posts (total 600)
  Page 7: +100 posts (total 700)
  Page 8: +100 posts (total 800)
  Page 9: +100 posts (total 900)
  Page 10: +100 posts (total 1000)
  Page 11: +100 posts (total 1100)
  Page 12: +100 posts (total 1200)
  Page 13: +100 posts (total 1300)
  Page 14: +100 posts (total 1400)
  Page 15: +100 posts (total 1500)
  Page 16: +100 posts (total 1600)
  Page 17: +100 posts (total 1700)
  Page 18: +100 posts (total 1800)
  Page 19: +100 posts (total 1900)
  Page 20: +100 posts (total 2000)
  Page 21: +100 posts (total 2100)
  Page 22: +100 posts (total 2200)
  Page 23: +100 posts (total 2300)
  Page 24: +100 posts (total 2400)
  Page 25: +100 posts (total 2500)
  Page 26: +100 posts (total 2600)
  Page 27: +100 posts (total 2700)
  Page 28: +100 posts (total 2800)
  Page 29: +100 posts (total 2900)
  Page 30: +100 posts (total 3000)
  Page 31: +100 posts (total 3100)
  Page 32: +100 posts (total 3200)
  Page 33: +100 posts (total 3300)
  Page 34: +83 posts (total 3383)
  [ERROR] https://mitvergnuegen.com/wp-json/wp/v2/posts?categories=27015,27017,13753&per_page=100&page=35: HTTP Error 400: Bad Request
  Total posts to process: 3383
  [5/3383] 0 tips from post (total unique: 44)
  [10/3383] 0 tips from post (total unique: 76)
  [15/3383] 11 tips from post (total unique: 150)
  [20/3383] 11 tips from post (total unique: 191)
  [25/3383] 11 tips from post (total unique: 229)
  [30/3383] 11 tips from post (total unique: 270)
  [35/3383] 11 tips from post (total unique: 306)
  [40/3383] 11 tips from post (total unique: 342)
